// Jest Snapshot v1, https://goo.gl/fbAQLP

exports[`Card component renders the UI as expected 1`] = `
<div
  className="Card"
>
  <button
    type="button"
  >
    delete
  </button>
  <h3
    className="Card-title"
  >
    First card
  </h3>
  <p
    className="Card-content"
  >
    lorem ipsum
  </p>
</div>
`;
